// Jest Snapshot v1, https://goo.gl/fbAQLP

exports[`gdax ob keeper works with replacing 1`] = `
Object {
  "asks": Array [
    Object {
      "a": 8.18084404,
      "r": 152.48,
    },
    Object {
      "a": 14.31512963,
      "r": 152.49,
    },
    Object {
      "a": 25.52159388,
      "r": 152.5,
    },
    Object {
      "a": 6,
      "r": 152.51,
    },
    Object {
      "a": 70,
      "r": 152.53,
    },
  ],
  "bids": Array [
    Object {
      "a": 40.50152043,
      "r": 152.46,
    },
    Object {
      "a": 0.68514292,
      "r": 152.35,
    },
    Object {
      "a": 11.3,
      "r": 152.34,
    },
    Object {
      "a": 13,
      "r": 152.32,
    },
  ],
  "pair": "USD_BTC",
}
`;
